GAMS 24.5.3  r54322 Released Oct  1, 2015 WEX-WEI x86 64bit/MS Windows 10/21/15 17:24:23 Page 1
G e n e r a l   A l g e b r a i c   M o d e l i n g   S y s t e m
C o m p i l a t i o n


   1  option limrow=35;
   2   
   3  Sets
   4  i
   5  ij   (i,i)      lines
   6  CCs  (i,i)      constant current sources
   7  CCl  (i,i)      constant current loads
   8   
   9  ;
  10   
  11  Alias
  12  (i,j)
  13  ;
  14   
  15  * ------------------------------------------------------------------------
      -----
  16  * DATA IMPORT FROM EXCEL FILE *
  17   
  18   
  19  Sets
INCLUDE    C:\Users\robin\Google Drive\TU Delft\Thesis\GAMS\projdir\Indices_OPF.
           inc
  21  * -----------------------------------------------------
  22  * XLS2GMS 2.8      24.5.3 r54322 Released Oct  1, 2015 VS8 x86 32bit/MS Wi
      ndows
  23  * Erwin Kalvelagen, GAMS Development Corp.
  24  * -----------------------------------------------------
  25  * Application: Microsoft Excel
  26  * Version:     16.0
  27  * Workbook:    C:\Users\robin\Google Drive\TU Delft\Thesis\GAMS\projdir\Op
      timal Power Flow\Input_Data_OPF.xls
  28  * Sheet:       Indices_Sheet(Sheet1)
  29  * Range:       $C$4:$H$10
  30  * -----------------------------------------------------
  31  * Indices
  32  i         /    n1   *    n8   /
  33   
  34   
  35   
  36   
  37   
  38  * -----------------------------------------------------
  39  ;
  40   
  41  table Gmap(i,j,*)
INCLUDE    C:\Users\robin\Google Drive\TU Delft\Thesis\GAMS\projdir\Resistive_Ne
           twork_OPF.inc
  43  * -----------------------------------------------------
  44  * XLS2GMS 2.8      24.5.3 r54322 Released Oct  1, 2015 VS8 x86 32bit/MS Wi
      ndows
  45  * Erwin Kalvelagen, GAMS Development Corp.
  46  * -----------------------------------------------------
  47  * Application: Microsoft Excel
  48  * Version:     16.0
  49  * Workbook:    C:\Users\robin\Google Drive\TU Delft\Thesis\GAMS\projdir\Op
      timal Power Flow\Input_Data_OPF.xls
  50  * Sheet:       Circuit_Data(Sheet2)
  51  * Range:       $B$4:$E$35
  52  * -----------------------------------------------------
  53          Gline
  54  n2.n3   1
  55  n3.n6   1
  56  n1.n4   1
  57  n4.n5   1
  58  n6.n5   1
  59  n6.n7   1
  60  n7.n8   1
  61   
  62   
  63   
  64   
  65   
  66   
  67   
  68   
  69   
  70   
  71   
  72   
  73   
  74   
  75   
  76   
  77   
  78   
  79   
  80   
  81   
  82   
  83   
  84   
  85  * -----------------------------------------------------
  86  ;
  87   
  88  table CCsourcesmap(i,j,*)
INCLUDE    C:\Users\robin\Google Drive\TU Delft\Thesis\GAMS\projdir\CCsources_OP
           F.inc
  90  * -----------------------------------------------------
  91  * XLS2GMS 2.8      24.5.3 r54322 Released Oct  1, 2015 VS8 x86 32bit/MS Wi
      ndows
  92  * Erwin Kalvelagen, GAMS Development Corp.
  93  * -----------------------------------------------------
  94  * Application: Microsoft Excel
  95  * Version:     16.0
  96  * Workbook:    C:\Users\robin\Google Drive\TU Delft\Thesis\GAMS\projdir\Op
      timal Power Flow\Input_Data_OPF.xls
  97  * Sheet:       Circuit_Data(Sheet2)
  98  * Range:       $G$4:$M$35
  99  * -----------------------------------------------------
 100          CCSmap CCScost CCSmax CCSmin
 101  n2.n1   4      2       10     1
 102  n3.n4   7      6       10     1
 103   
 104   
 105   
 106   
 107   
 108   
 109   
 110   
 111   
 112   
 113   
 114   
 115   
 116  n1.n2   -4
 117  n4.n3   -7
 118   
 119   
 120   
 121   
 122   
 123   
 124   
 125   
 126   
 127   
 128   
 129   
 130   
 131   
 132  * -----------------------------------------------------
 133  ;
 134   
 135  table CCloadsmap(i,j,*)
INCLUDE    C:\Users\robin\Google Drive\TU Delft\Thesis\GAMS\projdir\CCloads_OPF.
           inc
 137  * -----------------------------------------------------
 138  * XLS2GMS 2.8      24.5.3 r54322 Released Oct  1, 2015 VS8 x86 32bit/MS Wi
      ndows
 139  * Erwin Kalvelagen, GAMS Development Corp.
 140  * -----------------------------------------------------
 141  * Application: Microsoft Excel
 142  * Version:     16.0
 143  * Workbook:    C:\Users\robin\Google Drive\TU Delft\Thesis\GAMS\projdir\Op
      timal Power Flow\Input_Data_OPF.xls
 144  * Sheet:       Circuit_Data(Sheet2)
 145  * Range:       $O$4:$R$35
 146  * -----------------------------------------------------
 147          CCLmap
 148  n8.n7   5
 149   
 150   
 151   
 152   
 153   
 154   
 155   
 156   
 157   
 158   
 159   
 160   
 161   
 162   
 163  n7.n8   -5
 164   
 165   
 166   
 167   
 168   
 169   
 170   
 171   
 172   
 173   
 174   
 175   
 176   
 177   
 178   
 179  * -----------------------------------------------------
 180  ;
 181   
 182  * ------------------------------------------------------------------------
      -----
 183  * PARAMETER DEFINITION
 184   
 185  Parameters
 186   
 187  G          (i,j)
 188  CCSref     (i,j)
 189  CCScost    (i,j)
 190  CCSmax     (i,j)
 191  CCSmin     (i,j)
 192  CCLoads    (i,j)
 193  ;
 194   
 195  G        (i,j)  =  Gmap(i,j,'Gline')           ;
 196  CCSref   (i,j)  =  CCsourcesmap(i,j,'CCSmap')  ;
 197  CCScost  (i,j)  =  CCsourcesmap(i,j,'CCScost') ;
 198  CCSmax   (i,j)  =  CCsourcesmap(i,j,'CCSmax')  ;
 199  CCSmin   (i,j)  =  CCsourcesmap(i,j,'CCSmin')  ;
 200  CCLoads  (i,j)  =  CCloadsmap(i,j,'CCLmap')    ;
 201   
 202   
 203   
 204  Scalar
 205  Vnom       /47.5/
 206  ;
 207   
 208  * ------------------------------------------------------------------------
      -----
 209  * DYNAMIC SET OF INDICES
 210   
 211  ij    (i,j)    $[G(i,j)]            = yes;
 212  CCs   (i,j)    $[CCSref(i,j)]       = yes;
 213  CCl   (i,j)    $[CCLoads(i,j)]      = yes;
 214   
 215  * ------------------------------------------------------------------------
      -----
 216  * VARIABLE DEFINITION
 217   
 218  Variables
 219  Ibranch       (i,j)         'Branch Current'
 220  In            (i)           'Nodal Current'
 221  V             (i)           'Nodal Voltage'
 222  CCSources     (i,j)         'Constant Current Source'
 223  cost
 224   
 225   
 226  * ------------------------------------------------------------------------
      -----
 227  * POWER FLOW EQUATIONS
 228   
 229  Equations
 230   
 231  AllCurrentSources (i)     'Sum of currents of all sources at node i'
 232  BranchCurrent     (i,j)   'Current in branch ij'
 233  NodalCurrent      (i)     'Nodal current equation'
 234   
 235  Costfunction              'Cost function to be minimized'
 236  ;
 237   
 238  * ------------------------------------------------------------------------
      -----
 239  * Set Voltage limits and fixed nodal voltages
 240  V.lo(i)     =   -200;
 241  V.up(i)     =    200;
 242  V.fx('n1')  =    0;
 243   
 244   
 245  *CCSources.lo ('n2','n1') = CCSmin ('n2','n1');
 246  *CCSources.up ('n2','n1') = CCSmax ('n2','n1');
 247  CCSources.lo (i,j) = CCSmin (i,j);
 248  CCSources.up (i,j) = CCSmax (i,j);
 249  *CCSources.lo ('n3','n6') = CCSmin ('n3','n6');
 250  *CCSources.up ('n3','n6') = CCSmax ('n3','n6');
 251   
 252   
 253   
 254   
 255  * ------------------------------------------------------------------------
      -----
 256  * Circuit Equation
 257   
 258  BranchCurrent     (ij(i,j))      .. Ibranch(i,j) =e=  (G(i,j)*(V(i)-V(j)))
      ;
 259  NodalCurrent      (i)            .. In(i)        =e=  sum[j $ij(i,j)   ,Ib
      ranch(i,j)] - sum[j $ij(j,i), Ibranch(j,i)];
 260  AllCurrentSources (i)            .. In(i)        =e=  sum[j $CCs(i,j)  ,CC
      Sources(i,j)] + sum[j $CCl(i,j)  ,CCLoads(i,j)];
 261   
 262   
 263  * ------------------------------------------------------------------------
      -----
 264  * OPTIMAL POWER FLOW EQUATIONS
 265   
 266  Costfunction                 ..  cost    =e=  sum[(i,j) $CCs(i,j), CCSourc
      es(i,j)*CCScost(i,j)];
 267   
 268  model OPF /all/;
 269   
 270  solve OPF minimizing cost using lp;
 271   
 272  Display
 273  G,
 274  V.l,
 275  ij,
 276  CCs,
 277  CCl,
 278  In.l,
 279  Ibranch.l,
 280  CCSources.l,
 281  cost.l
 282  ;
 283   
 284   
 285   
 286   
 287   
 288   
 289   
GAMS 24.5.3  r54322 Released Oct  1, 2015 WEX-WEI x86 64bit/MS Windows 10/21/15 17:24:23 Page 2
G e n e r a l   A l g e b r a i c   M o d e l i n g   S y s t e m
Include File Summary


   SEQ   GLOBAL TYPE      PARENT   LOCAL  FILENAME

     1        1 INPUT          0       0  C:\Users\robin\Google Drive\TU Delft\T
                                          hesis\GAMS\projdir\Optimal Power Flow\
                                          OPF.gms
     2       20 INCLUDE        1      20  .C:\Users\robin\Google Drive\TU Delft\
                                           Thesis\GAMS\projdir\Indices_OPF.inc
     3       42 INCLUDE        1      24  .C:\Users\robin\Google Drive\TU Delft\
                                           Thesis\GAMS\projdir\Resistive_Network
                                           _OPF.inc
     4       89 INCLUDE        1      28  .C:\Users\robin\Google Drive\TU Delft\
                                           Thesis\GAMS\projdir\CCsources_OPF.inc
     5      136 INCLUDE        1      32  .C:\Users\robin\Google Drive\TU Delft\
                                           Thesis\GAMS\projdir\CCloads_OPF.inc


COMPILATION TIME     =        0.016 SECONDS      3 MB  24.5.3 r54322 WEX-WEI
GAMS 24.5.3  r54322 Released Oct  1, 2015 WEX-WEI x86 64bit/MS Windows 10/21/15 17:24:23 Page 3
G e n e r a l   A l g e b r a i c   M o d e l i n g   S y s t e m
Equation Listing    SOLVE OPF Using LP From line 270


---- AllCurrentSources  =E=  Sum of currents of all sources at node i

AllCurrentSources(n1)..  In(n1) - CCSources(n1,n2) =E= 0 ; (LHS = 0)
     
AllCurrentSources(n2)..  In(n2) - CCSources(n2,n1) =E= 0 ;
     
      (LHS = -1, INFES = 1 ****)
     
AllCurrentSources(n3)..  In(n3) - CCSources(n3,n4) =E= 0 ;
     
      (LHS = -1, INFES = 1 ****)
     
AllCurrentSources(n4)..  In(n4) - CCSources(n4,n3) =E= 0 ; (LHS = 0)
     
AllCurrentSources(n5)..  In(n5) =E= 0 ; (LHS = 0)
     
AllCurrentSources(n6)..  In(n6) =E= 0 ; (LHS = 0)
     
AllCurrentSources(n7)..  In(n7) =E= -5 ; (LHS = 0, INFES = 5 ****)
     
AllCurrentSources(n8)..  In(n8) =E= 5 ; (LHS = 0, INFES = 5 ****)
     

---- BranchCurrent  =E=  Current in branch ij

BranchCurrent(n1,n4)..  Ibranch(n1,n4) - V(n1) + V(n4) =E= 0 ; (LHS = 0)
     
BranchCurrent(n2,n3)..  Ibranch(n2,n3) - V(n2) + V(n3) =E= 0 ; (LHS = 0)
     
BranchCurrent(n3,n6)..  Ibranch(n3,n6) - V(n3) + V(n6) =E= 0 ; (LHS = 0)
     
BranchCurrent(n4,n5)..  Ibranch(n4,n5) - V(n4) + V(n5) =E= 0 ; (LHS = 0)
     
BranchCurrent(n6,n5)..  Ibranch(n6,n5) + V(n5) - V(n6) =E= 0 ; (LHS = 0)
     
BranchCurrent(n6,n7)..  Ibranch(n6,n7) - V(n6) + V(n7) =E= 0 ; (LHS = 0)
     
BranchCurrent(n7,n8)..  Ibranch(n7,n8) - V(n7) + V(n8) =E= 0 ; (LHS = 0)
     

---- NodalCurrent  =E=  Nodal current equation

NodalCurrent(n1)..  - Ibranch(n1,n4) + In(n1) =E= 0 ; (LHS = 0)
     
NodalCurrent(n2)..  - Ibranch(n2,n3) + In(n2) =E= 0 ; (LHS = 0)
     
NodalCurrent(n3)..  Ibranch(n2,n3) - Ibranch(n3,n6) + In(n3) =E= 0 ; (LHS = 0)
     
NodalCurrent(n4)..  Ibranch(n1,n4) - Ibranch(n4,n5) + In(n4) =E= 0 ; (LHS = 0)
     
NodalCurrent(n5)..  Ibranch(n4,n5) + Ibranch(n6,n5) + In(n5) =E= 0 ; (LHS = 0)
     
NodalCurrent(n6)..  Ibranch(n3,n6) - Ibranch(n6,n5) - Ibranch(n6,n7) + In(n6)
      =E= 0 ; (LHS = 0)
     
NodalCurrent(n7)..  Ibranch(n6,n7) - Ibranch(n7,n8) + In(n7) =E= 0 ; (LHS = 0)
     
NodalCurrent(n8)..  Ibranch(n7,n8) + In(n8) =E= 0 ; (LHS = 0)
     

---- Costfunction  =E=  Cost function to be minimized

Costfunction..  - 2*CCSources(n2,n1) - 6*CCSources(n3,n4) + cost =E= 0 ;
     
      (LHS = -8, INFES = 8 ****)
     
GAMS 24.5.3  r54322 Released Oct  1, 2015 WEX-WEI x86 64bit/MS Windows 10/21/15 17:24:23 Page 4
G e n e r a l   A l g e b r a i c   M o d e l i n g   S y s t e m
Column Listing      SOLVE OPF Using LP From line 270


---- Ibranch  Branch Current

Ibranch(n1,n4)
                (.LO, .L, .UP, .M = -INF, 0, +INF, 0)
        1       BranchCurrent(n1,n4)
       -1       NodalCurrent(n1)
        1       NodalCurrent(n4)

Ibranch(n2,n3)
                (.LO, .L, .UP, .M = -INF, 0, +INF, 0)
        1       BranchCurrent(n2,n3)
       -1       NodalCurrent(n2)
        1       NodalCurrent(n3)

Ibranch(n3,n6)
                (.LO, .L, .UP, .M = -INF, 0, +INF, 0)
        1       BranchCurrent(n3,n6)
       -1       NodalCurrent(n3)
        1       NodalCurrent(n6)

REMAINING 4 ENTRIES SKIPPED

---- In  Nodal Current

In(n1)
                (.LO, .L, .UP, .M = -INF, 0, +INF, 0)
        1       AllCurrentSources(n1)
        1       NodalCurrent(n1)

In(n2)
                (.LO, .L, .UP, .M = -INF, 0, +INF, 0)
        1       AllCurrentSources(n2)
        1       NodalCurrent(n2)

In(n3)
                (.LO, .L, .UP, .M = -INF, 0, +INF, 0)
        1       AllCurrentSources(n3)
        1       NodalCurrent(n3)

REMAINING 5 ENTRIES SKIPPED

---- V  Nodal Voltage

V(n1)
                (.LO, .L, .UP, .M = 0, 0, 0, 0)
       -1       BranchCurrent(n1,n4)

V(n2)
                (.LO, .L, .UP, .M = -200, 0, 200, 0)
       -1       BranchCurrent(n2,n3)

V(n3)
                (.LO, .L, .UP, .M = -200, 0, 200, 0)
        1       BranchCurrent(n2,n3)
       -1       BranchCurrent(n3,n6)

REMAINING 5 ENTRIES SKIPPED

---- CCSources  Constant Current Source

CCSources(n1,n2)
                (.LO, .L, .UP, .M = 0, 0, 0, 0)
       -1       AllCurrentSources(n1)

CCSources(n2,n1)
                (.LO, .L, .UP, .M = 1, 1, 10, 0)
       -1       AllCurrentSources(n2)
       -2       Costfunction
        0       (OLD LEVEL ****)

CCSources(n3,n4)
                (.LO, .L, .UP, .M = 1, 1, 10, 0)
       -1       AllCurrentSources(n3)
       -6       Costfunction
        0       (OLD LEVEL ****)

REMAINING ENTRY SKIPPED

---- cost  

cost
                (.LO, .L, .UP, .M = -INF, 0, +INF, 0)
        1       Costfunction

GAMS 24.5.3  r54322 Released Oct  1, 2015 WEX-WEI x86 64bit/MS Windows 10/21/15 17:24:23 Page 5
G e n e r a l   A l g e b r a i c   M o d e l i n g   S y s t e m
Model Statistics    SOLVE OPF Using LP From line 270


MODEL STATISTICS

BLOCKS OF EQUATIONS           4     SINGLE EQUATIONS           24
BLOCKS OF VARIABLES           5     SINGLE VARIABLES           28  2 projected
NON ZERO ELEMENTS            58


GENERATION TIME      =        0.016 SECONDS      4 MB  24.5.3 r54322 WEX-WEI


EXECUTION TIME       =        0.016 SECONDS      4 MB  24.5.3 r54322 WEX-WEI
GAMS 24.5.3  r54322 Released Oct  1, 2015 WEX-WEI x86 64bit/MS Windows 10/21/15 17:24:23 Page 6
G e n e r a l   A l g e b r a i c   M o d e l i n g   S y s t e m
Solution Report     SOLVE OPF Using LP From line 270


               S O L V E      S U M M A R Y

     MODEL   OPF                 OBJECTIVE  cost
     TYPE    LP                  DIRECTION  MINIMIZE
     SOLVER  CPLEX               FROM LINE  270

**** SOLVER STATUS     1 Normal Completion         
**** MODEL STATUS      4 Infeasible                
**** OBJECTIVE VALUE                8.0000

 RESOURCE USAGE, LIMIT          0.063      1000.000
 ITERATION COUNT, LIMIT         8    2000000000

IBM ILOG CPLEX   24.5.3 r54322 Released Oct  1, 2015 WEI x86 64bit/MS Windows 
Cplex 12.6.2.0

Space for names approximately 0.00 Mb
Use option 'names no' to turn use of names off
LP status(3): infeasible
Cplex Time: 0.00sec (det. 0.01 ticks)
Rerunning with presolve turned off and solving with LPMETHOD=0
LP status(3): infeasible
Cplex Time: 0.06sec (det. 0.03 ticks)
Model has been proven infeasible.

---- EQU AllCurrentSources  Sum of currents of all sources at node i

      LOWER     LEVEL     UPPER    MARGINAL

n1      .         .         .         EPS       
n2      .         .         .         EPS       
n3      .         .         .         EPS       
n4      .         .         .         EPS       
n5      .         .         .         EPS       
n6      .         .         .         EPS       
n7    -5.000    -5.000    -5.000      EPS       
n8     5.000     5.000     5.000      EPS       

---- EQU BranchCurrent  Current in branch ij

         LOWER     LEVEL     UPPER    MARGINAL

n1.n4      .         .         .         EPS       
n2.n3      .         .         .         EPS       
n3.n6      .         .         .         EPS       
n4.n5      .         .         .         EPS       
n6.n5      .         .         .         EPS       
n6.n7      .         .         .         EPS       
n7.n8      .         .         .         EPS       

---- EQU NodalCurrent  Nodal current equation

      LOWER     LEVEL     UPPER    MARGINAL

n1      .         .         .         EPS       
n2      .         .         .         EPS       
n3      .        2.000      .         .    INFES
n4      .         .         .         EPS       
n5      .         .         .         EPS       
n6      .         .         .         EPS       
n7      .         .         .         EPS       
n8      .         .         .         EPS       

                       LOWER     LEVEL     UPPER    MARGINAL

---- EQU Costfunct~      .         .         .        1.000      

  Costfunction  Cost function to be minimized

---- VAR Ibranch  Branch Current

         LOWER     LEVEL     UPPER    MARGINAL

n1.n4     -INF       .        +INF       .         
n2.n3     -INF      1.000     +INF       .         
n3.n6     -INF       .        +INF       .         
n4.n5     -INF       .        +INF       .         
n6.n5     -INF       .        +INF       .         
n6.n7     -INF       .        +INF       .         
n7.n8     -INF     -5.000     +INF       .         

---- VAR In  Nodal Current

      LOWER     LEVEL     UPPER    MARGINAL

n1     -INF       .        +INF       .         
n2     -INF      1.000     +INF       .         
n3     -INF      1.000     +INF       .         
n4     -INF       .        +INF       .         
n5     -INF       .        +INF       .         
n6     -INF       .        +INF       .         
n7     -INF     -5.000     +INF       .         
n8     -INF      5.000     +INF       .         

---- VAR V  Nodal Voltage

      LOWER     LEVEL     UPPER    MARGINAL

n1      .         .         .         EPS       
n2  -200.000     1.000   200.000      .         
n3  -200.000      .      200.000      .         
n4  -200.000      .      200.000      .         
n5  -200.000      .      200.000      .         
n6  -200.000      .      200.000      .         
n7  -200.000      .      200.000      .         
n8  -200.000     5.000   200.000      .         

---- VAR CCSources  Constant Current Source

         LOWER     LEVEL     UPPER    MARGINAL

n1.n2      .         .         .         EPS       
n2.n1     1.000     1.000    10.000     2.000      
n3.n4     1.000     1.000    10.000     6.000      
n4.n3      .         .         .         EPS       

                       LOWER     LEVEL     UPPER    MARGINAL

---- VAR cost           -INF      8.000     +INF       .         


**** REPORT SUMMARY :        0     NONOPT
                             1 INFEASIBLE (INFES)
                    SUM      2.000
                    MAX      2.000
                    MEAN     2.000
                             0  UNBOUNDED
GAMS 24.5.3  r54322 Released Oct  1, 2015 WEX-WEI x86 64bit/MS Windows 10/21/15 17:24:23 Page 7
G e n e r a l   A l g e b r a i c   M o d e l i n g   S y s t e m
E x e c u t i o n


----    273 PARAMETER G  

            n3          n4          n5          n6          n7          n8

n1                   1.000
n2       1.000
n3                                           1.000
n4                               1.000
n6                               1.000                   1.000
n7                                                                   1.000


----    273 VARIABLE V.L  Nodal Voltage

n2 1.000,    n8 5.000


----    273 SET ij  lines

            n3          n4          n5          n6          n7          n8

n1                     YES
n2         YES
n3                                             YES
n4                                 YES
n6                                 YES                     YES
n7                                                                     YES


----    273 SET CCs  constant current sources

            n1          n2          n3          n4

n1                     YES
n2         YES
n3                                             YES
n4                                 YES


----    273 SET CCl  constant current loads

            n7          n8

n7                     YES
n8         YES


----    273 VARIABLE In.L  Nodal Current

n2  1.000,    n3  1.000,    n7 -5.000,    n8  5.000


----    273 VARIABLE Ibranch.L  Branch Current

            n3          n8

n2       1.000
n7                  -5.000


----    273 VARIABLE CCSources.L  Constant Current Source

            n1          n4

n2       1.000
n3                   1.000


----    273 VARIABLE cost.L                =        8.000  


EXECUTION TIME       =        0.000 SECONDS      3 MB  24.5.3 r54322 WEX-WEI


USER: Course License, Introduction to Decision Suppo G150929:0359AO-GEN
      TU Delft, Faculteit Elektrotechniek, Wiskunde en InformatiDC12029
      License for teaching and research at degree granting institutions


**** FILE SUMMARY

Input      C:\Users\robin\Google Drive\TU Delft\Thesis\GAMS\projdir\Optimal Powe
           r Flow\OPF.gms
Output     C:\Users\robin\Google Drive\TU Delft\Thesis\GAMS\projdir\OPF.lst
